Traceback (most recent call last):
  File "C:\Users\LENOVO\AppData\Local\Programs\Python\Python39\lib\site-packages\jupyter_core\utils\__init__.py", line 154, in wrapped
    asyncio.get_running_loop()
RuntimeError: no running event loop

During handling of the above exception, another exception occurred:

Traceback (most recent call last):
  File "C:\Users\LENOVO\AppData\Local\Programs\Python\Python39\lib\site-packages\jupyter_cache\executors\utils.py", line 58, in single_nb_execution
    executenb(
  File "C:\Users\LENOVO\AppData\Local\Programs\Python\Python39\lib\site-packages\nbclient\client.py", line 1305, in execute
    return NotebookClient(nb=nb, resources=resources, km=km, **kwargs).execute()
  File "C:\Users\LENOVO\AppData\Local\Programs\Python\Python39\lib\site-packages\jupyter_core\utils\__init__.py", line 158, in wrapped
    return loop.run_until_complete(inner)
  File "C:\Users\LENOVO\AppData\Local\Programs\Python\Python39\lib\asyncio\base_events.py", line 642, in run_until_complete
    return future.result()
  File "C:\Users\LENOVO\AppData\Local\Programs\Python\Python39\lib\site-packages\nbclient\client.py", line 705, in async_execute
    await self.async_execute_cell(
  File "C:\Users\LENOVO\AppData\Local\Programs\Python\Python39\lib\site-packages\nbclient\client.py", line 1058, in async_execute_cell
    await self._check_raise_for_error(cell, cell_index, exec_reply)
  File "C:\Users\LENOVO\AppData\Local\Programs\Python\Python39\lib\site-packages\nbclient\client.py", line 914, in _check_raise_for_error
    raise CellExecutionError.from_cell_and_msg(cell, exec_reply_content)
nbclient.exceptions.CellExecutionError: An error occurred while executing the following cell:
------------------
import pandas as pd
import matplotlib.pyplot as plt
import shap
from sklearn.inspection import permutation_importance
from sklearn.inspection import PartialDependenceDisplay
from lightgbm import LGBMRegressor
from skforecast.datasets import fetch_dataset
from skforecast.recursive import ForecasterRecursive

# 1. Unduh Data
data = fetch_dataset(name="vic_electricity")
print("--- Data Mentah (3 Baris Pertama) ---")
display(data.head(3))

# 2. Agregasi ke Frekuensi Harian ('D')
data = data.resample('D').agg({'Demand': 'sum', 'Temperature': 'mean'})
print("\n--- Data Harian Setelah Agregasi ---")
display(data.head(3))

# 3. Pisahkan Data Latih (Train) dan Data Uji (Test)
data_train = data.loc[:'2014-12-21']
data_test = data.loc['2014-12-22':]

# 4. Buat Peramalan Multi-Langkah Rekursif (ForecasterRecursive)
forecaster = ForecasterRecursive(
    estimator = LGBMRegressor(random_state=123, verbose=-1),
    lags      = 7
)
forecaster.fit(
    y    = data_train['Demand'],
    exog = data_train['Temperature']
)
print("\n--- Struktur Objek Forecaster ---")
display(forecaster)

# 5. Prediktor Penting (Gini Importance Bawaan Model)
print("\n--- Feature Importances Bawaan Model ---")
display(forecaster.get_feature_importances())

# 6. Buat Matriks Pelatihan Supervised Learning
X_train, y_train = forecaster.create_train_X_y(
    y    = data_train['Demand'],
    exog = data_train['Temperature']
)
print("\n--- Matriks Input Training (X_train) ---")
display(X_train.head(3))
print("\n--- Matriks Target Training (y_train) ---")
display(y_train.head(3))

# 7. Analisis SHAP (Global & Local Explainability)
shap.initjs()
explainer = shap.TreeExplainer(forecaster.estimator)
shap_values = explainer.shap_values(X_train)

# Plot ringkasan dampak fitur global (Beeswarm plot)
plt.figure(figsize=(8, 5))
shap.summary_plot(shap_values, X_train, show=False)
plt.title("SHAP Summary Plot", fontsize=14)
plt.tight_layout()
plt.show()

# Force Plot untuk SATU observasi pertama (lokal)
plt.figure(figsize=(12, 3))
shap.force_plot(explainer.expected_value, shap_values[0, :], X_train.iloc[0, :], matplotlib=True, show=False)
plt.title("SHAP Force Plot - First Observation", fontsize=12, pad=20)
plt.show()

# Plot tipe 'bar' untuk melihat kontribusi rata-rata dari 200 observasi pertama secara masal
plt.figure(figsize=(10, 5))
shap.summary_plot(shap_values[:200, :], X_train.iloc[:200, :], plot_type="bar", show=False)
plt.title("SHAP Feature Importance - First 200 Observations", fontsize=12)
plt.tight_layout()
plt.show()

# Dependence Plot khusus untuk fitur Suhu (Temperature)
fig, ax = plt.subplots(figsize=(7, 4))
shap.dependence_plot("Temperature", shap_values, X_train, ax=ax, show=False)
plt.title("SHAP Dependence Plot for Temperature", fontsize=12)
plt.show()

# 8. Melakukan Prediksi / Peramalan (Forecasting)
prediksi = forecaster.predict(steps=10, exog=data_test['Temperature'].iloc[:10])
print("\n--- Hasil Prediksi 10 Langkah ke Depan ---")
display(prediksi)

# 9. Buat Matriks Input untuk Metode Prediksi (X_predict)
X_predict = forecaster.create_predict_X(steps=10, exog=data_test['Temperature'].iloc[:10])
print("\n--- Matriks Fitur Input untuk Prediksi (X_predict) ---")
display(X_predict)

# 10. SHAP Force Plot untuk Prediksi Tanggal Tertentu
predicted_date = '2014-12-22'
iloc_predicted_date = X_predict.index.get_loc(predicted_date)
shap_values_predict = explainer.shap_values(X_predict)

plt.figure(figsize=(12, 3))
shap.force_plot(
    explainer.expected_value,
    shap_values_predict[iloc_predicted_date, :],
    X_predict.iloc[iloc_predicted_date, :],
    matplotlib=True,
    show=False
)
plt.title(f"SHAP Force Plot for Predicted Date: {predicted_date}", fontsize=12, pad=20)
plt.show()

# 11. Analisis Permutation Importance (Global)
r = permutation_importance(
    estimator    = forecaster.estimator,
    X            = X_train,
    y            = y_train,
    n_repeats    = 3,
    max_samples  = 0.5,
    random_state = 123
)
importances = pd.DataFrame({
    'feature': X_train.columns,
    'mean_importance': r.importances_mean,
    'std_importance': r.importances_std
}).sort_values('mean_importance', ascending=False)
print("\n--- Hasil Tabel Permutation Importance ---")
display(importances)

# 12. Scikit-learn Partial Dependence Plots (PDP)
fig, ax = plt.subplots(figsize=(9, 4))
display_pdp = PartialDependenceDisplay.from_estimator(
    estimator = forecaster.estimator,
    X         = X_train,
    features  = ["Temperature", "lag_1"],
    kind      = 'both',
    ax        = ax
)
ax.set_title("Partial Dependence Plot (Temperature & Lag 1)")
fig.tight_layout()
plt.show()
------------------

----- stderr -----
C:\Users\LENOVO\AppData\Local\Programs\Python\Python39\lib\site-packages\tqdm\auto.py:21: TqdmWarning: IProgress not found. Please update jupyter and ipywidgets. See https://ipywidgets.readthedocs.io/en/stable/user_install.html
  from .autonotebook import tqdm as notebook_tqdm
----- stdout -----
--- Data Mentah (3 Baris Pertama) ---
----- stdout -----

--- Data Harian Setelah Agregasi ---
------------------

[1;31m---------------------------------------------------------------------------[0m
[1;31mTypeError[0m                                 Traceback (most recent call last)
Cell [1;32mIn[2], line 25[0m
[0;32m     22[0m data_test [38;5;241m=[39m data[38;5;241m.[39mloc[[38;5;124m'[39m[38;5;124m2014-12-22[39m[38;5;124m'[39m:]
[0;32m     24[0m [38;5;66;03m# 4. Buat Peramalan Multi-Langkah Rekursif (ForecasterRecursive)[39;00m
[1;32m---> 25[0m forecaster [38;5;241m=[39m [43mForecasterRecursive[49m[43m([49m
[0;32m     26[0m [43m    [49m[43mestimator[49m[43m [49m[38;5;241;43m=[39;49m[43m [49m[43mLGBMRegressor[49m[43m([49m[43mrandom_state[49m[38;5;241;43m=[39;49m[38;5;241;43m123[39;49m[43m,[49m[43m [49m[43mverbose[49m[38;5;241;43m=[39;49m[38;5;241;43m-[39;49m[38;5;241;43m1[39;49m[43m)[49m[43m,[49m
[0;32m     27[0m [43m    [49m[43mlags[49m[43m      [49m[38;5;241;43m=[39;49m[43m [49m[38;5;241;43m7[39;49m
[0;32m     28[0m [43m)[49m
[0;32m     29[0m forecaster[38;5;241m.[39mfit(
[0;32m     30[0m     y    [38;5;241m=[39m data_train[[38;5;124m'[39m[38;5;124mDemand[39m[38;5;124m'[39m],
[0;32m     31[0m     exog [38;5;241m=[39m data_train[[38;5;124m'[39m[38;5;124mTemperature[39m[38;5;124m'[39m]
[0;32m     32[0m )
[0;32m     33[0m [38;5;28mprint[39m([38;5;124m"[39m[38;5;130;01m\n[39;00m[38;5;124m--- Struktur Objek Forecaster ---[39m[38;5;124m"[39m)

[1;31mTypeError[0m: __init__() got an unexpected keyword argument 'estimator'

